
./mvnw.cmd : Error: JAVA_HOME not found in your environment. 
строка:1 знак:1
+ ./mvnw.cmd clean package 2>&1 | Tee-Object -FilePath build-output.txt
+ ~~~~~~~~~~~~~~~~~~~~~~~~~~~~~
    + CategoryInfo          : NotSpecified: (Error: JAVA_HOM...r environment. :String) [], RemoteException
    + FullyQualifiedErrorId : NativeCommandError
 
Please set the JAVA_HOME variable in your environment to match the 
location of your Java installation. 

